#
# There is insufficient memory for the Java Runtime Environment to continue.
# Native memory allocation (malloc) failed to allocate 1144336 bytes for Chunk::new
# Possible reasons:
#   The system is out of physical RAM or swap space
#   The process is running with CompressedOops enabled, and the Java Heap may be blocking the growth of the native heap
# Possible solutions:
#   Reduce memory load on the system
#   Increase physical memory or swap space
#   Check if swap backing store is full
#   Decrease Java heap size (-Xmx/-Xms)
#   Decrease number of Java threads
#   Decrease Java thread stack sizes (-Xss)
#   Set larger code cache with -XX:ReservedCodeCacheSize=
#   JVM is running with Unscaled Compressed Oops mode in which the Java heap is
#     placed in the first 4GB address space. The Java Heap base address is the
#     maximum limit for the native heap growth. Please use -XX:HeapBaseMinAddress
#     to set the Java Heap base and to place the Java Heap above 4GB virtual address.
# This output file may be truncated or incomplete.
#
#  Out of Memory Error (arena.cpp:168), pid=23336, tid=14196
#
# JRE version: Java(TM) SE Runtime Environment (21.0.9+7) (build 21.0.9+7-LTS-338)
# Java VM: Java HotSpot(TM) 64-Bit Server VM (21.0.9+7-LTS-338, mixed mode, sharing, tiered, compressed oops, compressed class ptrs, g1 gc, windows-amd64)
# No core dump will be written. Minidumps are not enabled by default on client versions of Windows
#

---------------  S U M M A R Y ------------

Command Line: --enable-native-access=ALL-UNNAMED -Dclassworlds.conf=C:\Program Files\apache-maven\bin\m2.conf -Dmaven.home=C:\Program Files\apache-maven -Dlibrary.jansi.path=C:\Program Files\apache-maven\lib\jansi-native -Dmaven.multiModuleProjectDirectory=F:\code\NewProjects\food-delivery-application\online-food-delivery-project\foodiesapi org.codehaus.plexus.classworlds.launcher.Launcher clean compile

Host: AMD Ryzen 5 4600H with Radeon Graphics         , 12 cores, 7G,  Windows 11 , 64 bit Build 26100 (10.0.26100.7623)
Time: Sat Jan 31 23:17:18 2026 India Standard Time elapsed time: 5.497827 seconds (0d 0h 0m 5s)

---------------  T H R E A D  ---------------

Current thread (0x000001ea88b13200):  JavaThread "C2 CompilerThread1" daemon [_thread_in_native, id=14196, stack(0x000000550f100000,0x000000550f200000) (1024K)]


Current CompileTask:
C2:   5497 4735   !   4       org.codehaus.plexus.interpolation.reflection.ReflectionValueExtractor::getPropertyValue (114 bytes)

Stack: [0x000000550f100000,0x000000550f200000]
Native frames: (J=compiled Java code, j=interpreted, Vv=VM code, C=native code)
V  [jvm.dll+0x6cbf89]
V  [jvm.dll+0x858421]
V  [jvm.dll+0x85a94e]
V  [jvm.dll+0x85b023]
V  [jvm.dll+0x27ebc6]
V  [jvm.dll+0xc4f4d]
V  [jvm.dll+0xc5483]
V  [jvm.dll+0x3b69c2]
V  [jvm.dll+0x382925]
V  [jvm.dll+0x381d9a]
V  [jvm.dll+0x247640]
V  [jvm.dll+0x246c1f]
V  [jvm.dll+0x1c7a3e]
V  [jvm.dll+0x256329]
V  [jvm.dll+0x2548ba]
V  [jvm.dll+0x3efdee]
V  [jvm.dll+0x80265b]
V  [jvm.dll+0x6ca66d]
C  [ucrtbase.dll+0x37b0]
C  [KERNEL32.DLL+0x2e8d7]
C  [ntdll.dll+0x8c53c]


---------------  P R O C E S S  ---------------

Threads class SMR info:
_java_thread_list=0x000001ea8929fc20, length=13, elements={
0x000001ea24050d80, 0x000001ea42e37d40, 0x000001ea42e387a0, 0x000001ea42e39200,
0x000001ea42e3bc70, 0x000001ea42e3c6d0, 0x000001ea42e3d130, 0x000001ea42e3fed0,
0x000001ea42e44980, 0x000001ea88181600, 0x000001ea8819bf20, 0x000001ea88b13200,
0x000001ea89194ed0
}

Java Threads: ( => current thread )
  0x000001ea24050d80 JavaThread "main"                              [_thread_in_native, id=16196, stack(0x000000550df00000,0x000000550e000000) (1024K)]
  0x000001ea42e37d40 JavaThread "Reference Handler"          daemon [_thread_blocked, id=17200, stack(0x000000550e700000,0x000000550e800000) (1024K)]
  0x000001ea42e387a0 JavaThread "Finalizer"                  daemon [_thread_blocked, id=23332, stack(0x000000550e800000,0x000000550e900000) (1024K)]
  0x000001ea42e39200 JavaThread "Signal Dispatcher"          daemon [_thread_blocked, id=4328, stack(0x000000550e900000,0x000000550ea00000) (1024K)]
  0x000001ea42e3bc70 JavaThread "Attach Listener"            daemon [_thread_blocked, id=2552, stack(0x000000550ea00000,0x000000550eb00000) (1024K)]
  0x000001ea42e3c6d0 JavaThread "Service Thread"             daemon [_thread_blocked, id=21256, stack(0x000000550eb00000,0x000000550ec00000) (1024K)]
  0x000001ea42e3d130 JavaThread "Monitor Deflation Thread"   daemon [_thread_blocked, id=17592, stack(0x000000550ec00000,0x000000550ed00000) (1024K)]
  0x000001ea42e3fed0 JavaThread "C2 CompilerThread0"         daemon [_thread_in_native, id=2028, stack(0x000000550ed00000,0x000000550ee00000) (1024K)]
  0x000001ea42e44980 JavaThread "C1 CompilerThread0"         daemon [_thread_blocked, id=12300, stack(0x000000550ee00000,0x000000550ef00000) (1024K)]
  0x000001ea88181600 JavaThread "Notification Thread"        daemon [_thread_blocked, id=4272, stack(0x000000550ef00000,0x000000550f000000) (1024K)]
  0x000001ea8819bf20 JavaThread "Common-Cleaner"             daemon [_thread_blocked, id=20816, stack(0x000000550f000000,0x000000550f100000) (1024K)]
=>0x000001ea88b13200 JavaThread "C2 CompilerThread1"         daemon [_thread_in_native, id=14196, stack(0x000000550f100000,0x000000550f200000) (1024K)]
  0x000001ea89194ed0 JavaThread "Thread-1"                   daemon [_thread_blocked, id=9892, stack(0x000000550fb00000,0x000000550fc00000) (1024K)]
Total: 13

Other Threads:
  0x000001ea42e1fb70 VMThread "VM Thread"                           [id=22600, stack(0x000000550e600000,0x000000550e700000) (1024K)]
  0x000001ea42e06630 WatcherThread "VM Periodic Task Thread"        [id=23320, stack(0x000000550e500000,0x000000550e600000) (1024K)]
  0x000001ea243b9190 WorkerThread "GC Thread#0"                     [id=17924, stack(0x000000550e000000,0x000000550e100000) (1024K)]
  0x000001ea88d53000 WorkerThread "GC Thread#1"                     [id=6072, stack(0x000000550f200000,0x000000550f300000) (1024K)]
  0x000001ea88b65930 WorkerThread "GC Thread#2"                     [id=13308, stack(0x000000550f300000,0x000000550f400000) (1024K)]
  0x000001ea88b65ce0 WorkerThread "GC Thread#3"                     [id=7648, stack(0x000000550f400000,0x000000550f500000) (1024K)]
  0x000001ea88b66090 WorkerThread "GC Thread#4"                     [id=7736, stack(0x000000550f500000,0x000000550f600000) (1024K)]
  0x000001ea88b66840 WorkerThread "GC Thread#5"                     [id=23216, stack(0x000000550f600000,0x000000550f700000) (1024K)]
  0x000001ea88b67000 WorkerThread "GC Thread#6"                     [id=5060, stack(0x000000550f700000,0x000000550f800000) (1024K)]
  0x000001ea890b58a0 WorkerThread "GC Thread#7"                     [id=24180, stack(0x000000550f800000,0x000000550f900000) (1024K)]
  0x000001ea890b4280 WorkerThread "GC Thread#8"                     [id=21316, stack(0x000000550f900000,0x000000550fa00000) (1024K)]
  0x000001ea890b5140 WorkerThread "GC Thread#9"                     [id=4648, stack(0x000000550fa00000,0x000000550fb00000) (1024K)]
  0x000001ea243c94a0 ConcurrentGCThread "G1 Main Marker"            [id=21292, stack(0x000000550e100000,0x000000550e200000) (1024K)]
  0x000001ea243cad40 WorkerThread "G1 Conc#0"                       [id=23492, stack(0x000000550e200000,0x000000550e300000) (1024K)]
  0x000001ea2442e0c0 ConcurrentGCThread "G1 Refine#0"               [id=1788, stack(0x000000550e300000,0x000000550e400000) (1024K)]
  0x000001ea2442ea50 ConcurrentGCThread "G1 Service"                [id=11060, stack(0x000000550e400000,0x000000550e500000) (1024K)]
Total: 16

Threads with active compile tasks:
C2 CompilerThread0     5514 4736       4       org.codehaus.plexus.interpolation.reflection.ReflectionValueExtractor::getClassMap (58 bytes)
C2 CompilerThread1     5514 4735   !   4       org.codehaus.plexus.interpolation.reflection.ReflectionValueExtractor::getPropertyValue (114 bytes)
Total: 2

VM state: not at safepoint (normal execution)

VM Mutex/Monitor currently owned by a thread: None

Heap address: 0x000000008a000000, size: 1888 MB, Compressed Oops mode: 32-bit

CDS archive(s) mapped at: [0x000001ea43000000-0x000001ea43c90000-0x000001ea43c90000), size 13172736, SharedBaseAddress: 0x000001ea43000000, ArchiveRelocationMode: 1.
Compressed class space mapped at: 0x000001ea44000000-0x000001ea84000000, reserved size: 1073741824
Narrow klass base: 0x000001ea43000000, Narrow klass shift: 0, Narrow klass range: 0x100000000

GC Precious Log:
 CardTable entry size: 512
 Card Set container configuration: InlinePtr #cards 5 size 8 Array Of Cards #cards 12 size 40 Howl #buckets 4 coarsen threshold 1843 Howl Bitmap #cards 512 size 80 coarsen threshold 460 Card regions per heap region 1 cards per card region 2048
 CPUs: 12 total, 12 available
 Memory: 7549M
 Large Page Support: Disabled
 NUMA Support: Disabled
 Compressed Oops: Enabled (32-bit)
 Heap Region Size: 1M
 Heap Min Capacity: 8M
 Heap Initial Capacity: 118M
 Heap Max Capacity: 1888M
 Pre-touch: Disabled
 Parallel Workers: 10
 Concurrent Workers: 3
 Concurrent Refinement Workers: 10
 Periodic GC: Disabled

Heap:
 garbage-first heap   total 120832K, used 25088K [0x000000008a000000, 0x0000000100000000)
  region size 1024K, 13 young (13312K), 3 survivors (3072K)
 Metaspace       used 17157K, committed 17472K, reserved 1114112K
  class space    used 1948K, committed 2112K, reserved 1048576K

Heap Regions: E=young(eden), S=young(survivor), O=old, HS=humongous(starts), HC=humongous(continues), CS=collection set, F=free, TAMS=top-at-mark-start, PB=parsable bottom
|   0|0x000000008a000000, 0x000000008a100000, 0x000000008a100000|100%| O|  |TAMS 0x000000008a000000| PB 0x000000008a000000| Untracked 
|   1|0x000000008a100000, 0x000000008a200000, 0x000000008a200000|100%| O|  |TAMS 0x000000008a100000| PB 0x000000008a100000| Untracked 
|   2|0x000000008a200000, 0x000000008a300000, 0x000000008a300000|100%| O|  |TAMS 0x000000008a200000| PB 0x000000008a200000| Untracked 
|   3|0x000000008a300000, 0x000000008a400000, 0x000000008a400000|100%| O|  |TAMS 0x000000008a300000| PB 0x000000008a300000| Untracked 
|   4|0x000000008a400000, 0x000000008a500000, 0x000000008a500000|100%| O|  |TAMS 0x000000008a400000| PB 0x000000008a400000| Untracked 
|   5|0x000000008a500000, 0x000000008a600000, 0x000000008a600000|100%| O|  |TAMS 0x000000008a500000| PB 0x000000008a500000| Untracked 
|   6|0x000000008a600000, 0x000000008a700000, 0x000000008a700000|100%| O|  |TAMS 0x000000008a600000| PB 0x000000008a600000| Untracked 
|   7|0x000000008a700000, 0x000000008a800000, 0x000000008a800000|100%| O|  |TAMS 0x000000008a700000| PB 0x000000008a700000| Untracked 
|   8|0x000000008a800000, 0x000000008a900000, 0x000000008a900000|100%| O|  |TAMS 0x000000008a800000| PB 0x000000008a800000| Untracked 
|   9|0x000000008a900000, 0x000000008aa00000, 0x000000008aa00000|100%| O|  |TAMS 0x000000008a900000| PB 0x000000008a900000| Untracked 
|  10|0x000000008aa00000, 0x000000008ab00000, 0x000000008ab00000|100%| O|  |TAMS 0x000000008aa00000| PB 0x000000008aa00000| Untracked 
|  11|0x000000008ab00000, 0x000000008ac00000, 0x000000008ac00000|100%| O|  |TAMS 0x000000008ab00000| PB 0x000000008ab00000| Untracked 
|  12|0x000000008ac00000, 0x000000008ad00000, 0x000000008ad00000|100%| O|  |TAMS 0x000000008ac00000| PB 0x000000008ac00000| Untracked 
|  13|0x000000008ad00000, 0x000000008ad00000, 0x000000008ae00000|  0%| F|  |TAMS 0x000000008ad00000| PB 0x000000008ad00000| Untracked 
|  14|0x000000008ae00000, 0x000000008ae00000, 0x000000008af00000|  0%| F|  |TAMS 0x000000008ae00000| PB 0x000000008ae00000| Untracked 
|  15|0x000000008af00000, 0x000000008af00000, 0x000000008b000000|  0%| F|  |TAMS 0x000000008af00000| PB 0x000000008af00000| Untracked 
|  16|0x000000008b000000, 0x000000008b000000, 0x000000008b100000|  0%| F|  |TAMS 0x000000008b000000| PB 0x000000008b000000| Untracked 
|  17|0x000000008b100000, 0x000000008b100000, 0x000000008b200000|  0%| F|  |TAMS 0x000000008b100000| PB 0x000000008b100000| Untracked 
|  18|0x000000008b200000, 0x000000008b200000, 0x000000008b300000|  0%| F|  |TAMS 0x000000008b200000| PB 0x000000008b200000| Untracked 
|  19|0x000000008b300000, 0x000000008b300000, 0x000000008b400000|  0%| F|  |TAMS 0x000000008b300000| PB 0x000000008b300000| Untracked 
|  20|0x000000008b400000, 0x000000008b400000, 0x000000008b500000|  0%| F|  |TAMS 0x000000008b400000| PB 0x000000008b400000| Untracked 
|  21|0x000000008b500000, 0x000000008b500000, 0x000000008b600000|  0%| F|  |TAMS 0x000000008b500000| PB 0x000000008b500000| Untracked 
|  22|0x000000008b600000, 0x000000008b600000, 0x000000008b700000|  0%| F|  |TAMS 0x000000008b600000| PB 0x000000008b600000| Untracked 
|  23|0x000000008b700000, 0x000000008b700000, 0x000000008b800000|  0%| F|  |TAMS 0x000000008b700000| PB 0x000000008b700000| Untracked 
|  24|0x000000008b800000, 0x000000008b800000, 0x000000008b900000|  0%| F|  |TAMS 0x000000008b800000| PB 0x000000008b800000| Untracked 
|  25|0x000000008b900000, 0x000000008b900000, 0x000000008ba00000|  0%| F|  |TAMS 0x000000008b900000| PB 0x000000008b900000| Untracked 
|  26|0x000000008ba00000, 0x000000008ba00000, 0x000000008bb00000|  0%| F|  |TAMS 0x000000008ba00000| PB 0x000000008ba00000| Untracked 
|  27|0x000000008bb00000, 0x000000008bb00000, 0x000000008bc00000|  0%| F|  |TAMS 0x000000008bb00000| PB 0x000000008bb00000| Untracked 
|  28|0x000000008bc00000, 0x000000008bc00000, 0x000000008bd00000|  0%| F|  |TAMS 0x000000008bc00000| PB 0x000000008bc00000| Untracked 
|  29|0x000000008bd00000, 0x000000008bd00000, 0x000000008be00000|  0%| F|  |TAMS 0x000000008bd00000| PB 0x000000008bd00000| Untracked 
|  30|0x000000008be00000, 0x000000008be00000, 0x000000008bf00000|  0%| F|  |TAMS 0x000000008be00000| PB 0x000000008be00000| Untracked 
|  31|0x000000008bf00000, 0x000000008bf00000, 0x000000008c000000|  0%| F|  |TAMS 0x000000008bf00000| PB 0x000000008bf00000| Untracked 
|  32|0x000000008c000000, 0x000000008c000000, 0x000000008c100000|  0%| F|  |TAMS 0x000000008c000000| PB 0x000000008c000000| Untracked 
|  33|0x000000008c100000, 0x000000008c100000, 0x000000008c200000|  0%| F|  |TAMS 0x000000008c100000| PB 0x000000008c100000| Untracked 
|  34|0x000000008c200000, 0x000000008c200000, 0x000000008c300000|  0%| F|  |TAMS 0x000000008c200000| PB 0x000000008c200000| Untracked 
|  35|0x000000008c300000, 0x000000008c300000, 0x000000008c400000|  0%| F|  |TAMS 0x000000008c300000| PB 0x000000008c300000| Untracked 
|  36|0x000000008c400000, 0x000000008c400000, 0x000000008c500000|  0%| F|  |TAMS 0x000000008c400000| PB 0x000000008c400000| Untracked 
|  37|0x000000008c500000, 0x000000008c500000, 0x000000008c600000|  0%| F|  |TAMS 0x000000008c500000| PB 0x000000008c500000| Untracked 
|  38|0x000000008c600000, 0x000000008c600000, 0x000000008c700000|  0%| F|  |TAMS 0x000000008c600000| PB 0x000000008c600000| Untracked 
|  39|0x000000008c700000, 0x000000008c700000, 0x000000008c800000|  0%| F|  |TAMS 0x000000008c700000| PB 0x000000008c700000| Untracked 
|  40|0x000000008c800000, 0x000000008c800000, 0x000000008c900000|  0%| F|  |TAMS 0x000000008c800000| PB 0x000000008c800000| Untracked 
|  41|0x000000008c900000, 0x000000008c900000, 0x000000008ca00000|  0%| F|  |TAMS 0x000000008c900000| PB 0x000000008c900000| Untracked 
|  42|0x000000008ca00000, 0x000000008ca00000, 0x000000008cb00000|  0%| F|  |TAMS 0x000000008ca00000| PB 0x000000008ca00000| Untracked 
|  43|0x000000008cb00000, 0x000000008cb00000, 0x000000008cc00000|  0%| F|  |TAMS 0x000000008cb00000| PB 0x000000008cb00000| Untracked 
|  44|0x000000008cc00000, 0x000000008cc00000, 0x000000008cd00000|  0%| F|  |TAMS 0x000000008cc00000| PB 0x000000008cc00000| Untracked 
|  45|0x000000008cd00000, 0x000000008cd00000, 0x000000008ce00000|  0%| F|  |TAMS 0x000000008cd00000| PB 0x000000008cd00000| Untracked 
|  46|0x000000008ce00000, 0x000000008ce00000, 0x000000008cf00000|  0%| F|  |TAMS 0x000000008ce00000| PB 0x000000008ce00000| Untracked 
|  47|0x000000008cf00000, 0x000000008cf00000, 0x000000008d000000|  0%| F|  |TAMS 0x000000008cf00000| PB 0x000000008cf00000| Untracked 
|  48|0x000000008d000000, 0x000000008d000000, 0x000000008d100000|  0%| F|  |TAMS 0x000000008d000000| PB 0x000000008d000000| Untracked 
|  49|0x000000008d100000, 0x000000008d100000, 0x000000008d200000|  0%| F|  |TAMS 0x000000008d100000| PB 0x000000008d100000| Untracked 
|  50|0x000000008d200000, 0x000000008d200000, 0x000000008d300000|  0%| F|  |TAMS 0x000000008d200000| PB 0x000000008d200000| Untracked 
|  51|0x000000008d300000, 0x000000008d300000, 0x000000008d400000|  0%| F|  |TAMS 0x000000008d300000| PB 0x000000008d300000| Untracked 
|  52|0x000000008d400000, 0x000000008d400000, 0x000000008d500000|  0%| F|  |TAMS 0x000000008d400000| PB 0x000000008d400000| Untracked 
|  53|0x000000008d500000, 0x000000008d500000, 0x000000008d600000|  0%| F|  |TAMS 0x000000008d500000| PB 0x000000008d500000| Untracked 
|  54|0x000000008d600000, 0x000000008d680000, 0x000000008d700000| 50%| S|CS|TAMS 0x000000008d600000| PB 0x000000008d600000| Complete 
|  55|0x000000008d700000, 0x000000008d800000, 0x000000008d800000|100%| S|CS|TAMS 0x000000008d700000| PB 0x000000008d700000| Complete 
|  56|0x000000008d800000, 0x000000008d900000, 0x000000008d900000|100%| S|CS|TAMS 0x000000008d800000| PB 0x000000008d800000| Complete 
|  57|0x000000008d900000, 0x000000008d900000, 0x000000008da00000|  0%| F|  |TAMS 0x000000008d900000| PB 0x000000008d900000| Untracked 
|  58|0x000000008da00000, 0x000000008da00000, 0x000000008db00000|  0%| F|  |TAMS 0x000000008da00000| PB 0x000000008da00000| Untracked 
|  59|0x000000008db00000, 0x000000008db00000, 0x000000008dc00000|  0%| F|  |TAMS 0x000000008db00000| PB 0x000000008db00000| Untracked 
|  60|0x000000008dc00000, 0x000000008dc00000, 0x000000008dd00000|  0%| F|  |TAMS 0x000000008dc00000| PB 0x000000008dc00000| Untracked 
|  61|0x000000008dd00000, 0x000000008dd00000, 0x000000008de00000|  0%| F|  |TAMS 0x000000008dd00000| PB 0x000000008dd00000| Untracked 
|  62|0x000000008de00000, 0x000000008de00000, 0x000000008df00000|  0%| F|  |TAMS 0x000000008de00000| PB 0x000000008de00000| Untracked 
|  63|0x000000008df00000, 0x000000008df00000, 0x000000008e000000|  0%| F|  |TAMS 0x000000008df00000| PB 0x000000008df00000| Untracked 
|  64|0x000000008e000000, 0x000000008e000000, 0x000000008e100000|  0%| F|  |TAMS 0x000000008e000000| PB 0x000000008e000000| Untracked 
|  65|0x000000008e100000, 0x000000008e100000, 0x000000008e200000|  0%| F|  |TAMS 0x000000008e100000| PB 0x000000008e100000| Untracked 
|  66|0x000000008e200000, 0x000000008e200000, 0x000000008e300000|  0%| F|  |TAMS 0x000000008e200000| PB 0x000000008e200000| Untracked 
|  67|0x000000008e300000, 0x000000008e300000, 0x000000008e400000|  0%| F|  |TAMS 0x000000008e300000| PB 0x000000008e300000| Untracked 
|  68|0x000000008e400000, 0x000000008e400000, 0x000000008e500000|  0%| F|  |TAMS 0x000000008e400000| PB 0x000000008e400000| Untracked 
|  69|0x000000008e500000, 0x000000008e500000, 0x000000008e600000|  0%| F|  |TAMS 0x000000008e500000| PB 0x000000008e500000| Untracked 
|  70|0x000000008e600000, 0x000000008e600000, 0x000000008e700000|  0%| F|  |TAMS 0x000000008e600000| PB 0x000000008e600000| Untracked 
|  71|0x000000008e700000, 0x000000008e700000, 0x000000008e800000|  0%| F|  |TAMS 0x000000008e700000| PB 0x000000008e700000| Untracked 
|  72|0x000000008e800000, 0x000000008e800000, 0x000000008e900000|  0%| F|  |TAMS 0x000000008e800000| PB 0x000000008e800000| Untracked 
|  73|0x000000008e900000, 0x000000008e900000, 0x000000008ea00000|  0%| F|  |TAMS 0x000000008e900000| PB 0x000000008e900000| Untracked 
|  74|0x000000008ea00000, 0x000000008ea00000, 0x000000008eb00000|  0%| F|  |TAMS 0x000000008ea00000| PB 0x000000008ea00000| Untracked 
|  75|0x000000008eb00000, 0x000000008eb00000, 0x000000008ec00000|  0%| F|  |TAMS 0x000000008eb00000| PB 0x000000008eb00000| Untracked 
|  76|0x000000008ec00000, 0x000000008ec00000, 0x000000008ed00000|  0%| F|  |TAMS 0x000000008ec00000| PB 0x000000008ec00000| Untracked 
|  77|0x000000008ed00000, 0x000000008ed00000, 0x000000008ee00000|  0%| F|  |TAMS 0x000000008ed00000| PB 0x000000008ed00000| Untracked 
|  78|0x000000008ee00000, 0x000000008ee00000, 0x000000008ef00000|  0%| F|  |TAMS 0x000000008ee00000| PB 0x000000008ee00000| Untracked 
|  79|0x000000008ef00000, 0x000000008ef00000, 0x000000008f000000|  0%| F|  |TAMS 0x000000008ef00000| PB 0x000000008ef00000| Untracked 
|  80|0x000000008f000000, 0x000000008f000000, 0x000000008f100000|  0%| F|  |TAMS 0x000000008f000000| PB 0x000000008f000000| Untracked 
|  81|0x000000008f100000, 0x000000008f100000, 0x000000008f200000|  0%| F|  |TAMS 0x000000008f100000| PB 0x000000008f100000| Untracked 
|  82|0x000000008f200000, 0x000000008f200000, 0x000000008f300000|  0%| F|  |TAMS 0x000000008f200000| PB 0x000000008f200000| Untracked 
|  83|0x000000008f300000, 0x000000008f300000, 0x000000008f400000|  0%| F|  |TAMS 0x000000008f300000| PB 0x000000008f300000| Untracked 
|  84|0x000000008f400000, 0x000000008f400000, 0x000000008f500000|  0%| F|  |TAMS 0x000000008f400000| PB 0x000000008f400000| Untracked 
|  85|0x000000008f500000, 0x000000008f500000, 0x000000008f600000|  0%| F|  |TAMS 0x000000008f500000| PB 0x000000008f500000| Untracked 
|  86|0x000000008f600000, 0x000000008f600000, 0x000000008f700000|  0%| F|  |TAMS 0x000000008f600000| PB 0x000000008f600000| Untracked 
|  87|0x000000008f700000, 0x000000008f700000, 0x000000008f800000|  0%| F|  |TAMS 0x000000008f700000| PB 0x000000008f700000| Untracked 
|  88|0x000000008f800000, 0x000000008f800000, 0x000000008f900000|  0%| F|  |TAMS 0x000000008f800000| PB 0x000000008f800000| Untracked 
|  89|0x000000008f900000, 0x000000008f900000, 0x000000008fa00000|  0%| F|  |TAMS 0x000000008f900000| PB 0x000000008f900000| Untracked 
|  90|0x000000008fa00000, 0x000000008fa00000, 0x000000008fb00000|  0%| F|  |TAMS 0x000000008fa00000| PB 0x000000008fa00000| Untracked 
|  91|0x000000008fb00000, 0x000000008fb00000, 0x000000008fc00000|  0%| F|  |TAMS 0x000000008fb00000| PB 0x000000008fb00000| Untracked 
|  92|0x000000008fc00000, 0x000000008fc00000, 0x000000008fd00000|  0%| F|  |TAMS 0x000000008fc00000| PB 0x000000008fc00000| Untracked 
|  93|0x000000008fd00000, 0x000000008fd00000, 0x000000008fe00000|  0%| F|  |TAMS 0x000000008fd00000| PB 0x000000008fd00000| Untracked 
|  94|0x000000008fe00000, 0x000000008fe00000, 0x000000008ff00000|  0%| F|  |TAMS 0x000000008fe00000| PB 0x000000008fe00000| Untracked 
|  95|0x000000008ff00000, 0x000000008ff00000, 0x0000000090000000|  0%| F|  |TAMS 0x000000008ff00000| PB 0x000000008ff00000| Untracked 
|  96|0x0000000090000000, 0x0000000090000000, 0x0000000090100000|  0%| F|  |TAMS 0x0000000090000000| PB 0x0000000090000000| Untracked 
|  97|0x0000000090100000, 0x0000000090100000, 0x0000000090200000|  0%| F|  |TAMS 0x0000000090100000| PB 0x0000000090100000| Untracked 
|  98|0x0000000090200000, 0x0000000090200000, 0x0000000090300000|  0%| F|  |TAMS 0x0000000090200000| PB 0x0000000090200000| Untracked 
|  99|0x0000000090300000, 0x0000000090300000, 0x0000000090400000|  0%| F|  |TAMS 0x0000000090300000| PB 0x0000000090300000| Untracked 
| 100|0x0000000090400000, 0x0000000090400000, 0x0000000090500000|  0%| F|  |TAMS 0x0000000090400000| PB 0x0000000090400000| Untracked 
| 101|0x0000000090500000, 0x0000000090500000, 0x0000000090600000|  0%| F|  |TAMS 0x0000000090500000| PB 0x0000000090500000| Untracked 
| 102|0x0000000090600000, 0x0000000090600000, 0x0000000090700000|  0%| F|  |TAMS 0x0000000090600000| PB 0x0000000090600000| Untracked 
| 103|0x0000000090700000, 0x0000000090700000, 0x0000000090800000|  0%| F|  |TAMS 0x0000000090700000| PB 0x0000000090700000| Untracked 
| 104|0x0000000090800000, 0x0000000090800000, 0x0000000090900000|  0%| F|  |TAMS 0x0000000090800000| PB 0x0000000090800000| Untracked 
| 105|0x0000000090900000, 0x0000000090900000, 0x0000000090a00000|  0%| F|  |TAMS 0x0000000090900000| PB 0x0000000090900000| Untracked 
| 106|0x0000000090a00000, 0x0000000090a00000, 0x0000000090b00000|  0%| F|  |TAMS 0x0000000090a00000| PB 0x0000000090a00000| Untracked 
| 107|0x0000000090b00000, 0x0000000090b00000, 0x0000000090c00000|  0%| F|  |TAMS 0x0000000090b00000| PB 0x0000000090b00000| Untracked 
| 108|0x0000000090c00000, 0x0000000090c80000, 0x0000000090d00000| 50%| E|  |TAMS 0x0000000090c00000| PB 0x0000000090c00000| Complete 
| 109|0x0000000090d00000, 0x0000000090e00000, 0x0000000090e00000|100%| E|CS|TAMS 0x0000000090d00000| PB 0x0000000090d00000| Complete 
| 110|0x0000000090e00000, 0x0000000090f00000, 0x0000000090f00000|100%| E|CS|TAMS 0x0000000090e00000| PB 0x0000000090e00000| Complete 
| 111|0x0000000090f00000, 0x0000000091000000, 0x0000000091000000|100%| E|CS|TAMS 0x0000000090f00000| PB 0x0000000090f00000| Complete 
| 112|0x0000000091000000, 0x0000000091100000, 0x0000000091100000|100%| E|CS|TAMS 0x0000000091000000| PB 0x0000000091000000| Complete 
| 113|0x0000000091100000, 0x0000000091200000, 0x0000000091200000|100%| E|CS|TAMS 0x0000000091100000| PB 0x0000000091100000| Complete 
| 114|0x0000000091200000, 0x0000000091300000, 0x0000000091300000|100%| E|CS|TAMS 0x0000000091200000| PB 0x0000000091200000| Complete 
| 115|0x0000000091300000, 0x0000000091400000, 0x0000000091400000|100%| E|CS|TAMS 0x0000000091300000| PB 0x0000000091300000| Complete 
| 116|0x0000000091400000, 0x0000000091500000, 0x0000000091500000|100%| E|CS|TAMS 0x0000000091400000| PB 0x0000000091400000| Complete 
| 117|0x0000000091500000, 0x0000000091600000, 0x0000000091600000|100%| E|CS|TAMS 0x0000000091500000| PB 0x0000000091500000| Complete 

Card table byte_map: [0x000001ea3e030000,0x000001ea3e3e0000] _byte_map_base: 0x000001ea3dbe0000

Marking Bits: (CMBitMap*) 0x000001ea243b9fc0
 Bits: [0x000001ea3e3e0000, 0x000001ea40160000)

Polling page: 0x000001ea24430000

Metaspace:

Usage:
  Non-class:     14.85 MB used.
      Class:      1.90 MB used.
       Both:     16.76 MB used.

Virtual space:
  Non-class space:       64.00 MB reserved,      15.00 MB ( 23%) committed,  1 nodes.
      Class space:        1.00 GB reserved,       2.06 MB ( <1%) committed,  1 nodes.
             Both:        1.06 GB reserved,      17.06 MB (  2%) committed. 

Chunk freelists:
   Non-Class:  992.00 KB
       Class:  13.86 MB
        Both:  14.83 MB

MaxMetaspaceSize: unlimited
CompressedClassSpaceSize: 1.00 GB
Initial GC threshold: 21.00 MB
Current GC threshold: 21.00 MB
CDS: on
 - commit_granule_bytes: 65536.
 - commit_granule_words: 8192.
 - virtual_space_node_default_size: 8388608.
 - enlarge_chunks_in_place: 1.
 - use_allocation_guard: 0.


Internal statistics:

num_allocs_failed_limit: 0.
num_arena_births: 192.
num_arena_deaths: 0.
num_vsnodes_births: 2.
num_vsnodes_deaths: 0.
num_space_committed: 273.
num_space_uncommitted: 0.
num_chunks_returned_to_freelist: 0.
num_chunks_taken_from_freelist: 752.
num_chunk_merges: 0.
num_chunk_splits: 529.
num_chunks_enlarged: 436.
num_inconsistent_stats: 0.

CodeHeap 'non-profiled nmethods': size=120000Kb used=2496Kb max_used=2496Kb free=117503Kb
 bounds [0x000001ea35ad0000, 0x000001ea35d50000, 0x000001ea3d000000]
CodeHeap 'profiled nmethods': size=120000Kb used=10132Kb max_used=10132Kb free=109868Kb
 bounds [0x000001ea2e000000, 0x000001ea2e9f0000, 0x000001ea35530000]
CodeHeap 'non-nmethods': size=5760Kb used=1414Kb max_used=1467Kb free=4345Kb
 bounds [0x000001ea35530000, 0x000001ea357a0000, 0x000001ea35ad0000]
 total_blobs=5295 nmethods=4789 adapters=410
 compilation: enabled
              stopped_count=0, restarted_count=0
 full_count=0

Compilation events (20 events):
Event: 4.473 Thread 0x000001ea42e44980 nmethod 4779 0x000001ea2e9da910 code [0x000001ea2e9dab00, 0x000001ea2e9dafc0]
Event: 4.473 Thread 0x000001ea42e44980 4780       3       java.io.File::length (33 bytes)
Event: 4.473 Thread 0x000001ea42e44980 nmethod 4780 0x000001ea2e9db210 code [0x000001ea2e9db3e0, 0x000001ea2e9db6b8]
Event: 4.473 Thread 0x000001ea42e44980 4781   !   3       java.io.WinNTFileSystem::getLength (27 bytes)
Event: 4.473 Thread 0x000001ea42e44980 nmethod 4781 0x000001ea2e9db810 code [0x000001ea2e9db9e0, 0x000001ea2e9dbc00]
Event: 4.473 Thread 0x000001ea42e44980 4782   !   3       sun.nio.ch.FileChannelImpl::lock (361 bytes)
Event: 4.474 Thread 0x000001ea42e44980 nmethod 4782 0x000001ea2e9dbd90 code [0x000001ea2e9dc1c0, 0x000001ea2e9dd8b0]
Event: 4.475 Thread 0x000001ea42e44980 4783       3       sun.nio.ch.FileLockImpl::<init> (11 bytes)
Event: 4.475 Thread 0x000001ea42e44980 nmethod 4783 0x000001ea2e9de510 code [0x000001ea2e9de6c0, 0x000001ea2e9de7f8]
Event: 4.475 Thread 0x000001ea42e44980 4784       3       java.nio.channels.FileLock::<init> (86 bytes)
Event: 4.475 Thread 0x000001ea42e44980 nmethod 4784 0x000001ea2e9de890 code [0x000001ea2e9deaa0, 0x000001ea2e9df110]
Event: 4.478 Thread 0x000001ea42e44980 4786       2       java.lang.Character::toString (5 bytes)
Event: 4.478 Thread 0x000001ea42e44980 nmethod 4786 0x000001ea2e9df310 code [0x000001ea2e9df4c0, 0x000001ea2e9df5c0]
Event: 4.478 Thread 0x000001ea42e44980 4785       2       java.lang.Character::isBmpCodePoint (13 bytes)
Event: 4.478 Thread 0x000001ea42e44980 nmethod 4785 0x000001ea2e9df690 code [0x000001ea2e9df820, 0x000001ea2e9df918]
Event: 4.478 Thread 0x000001ea42e44980 4788       3       org.eclipse.aether.resolution.ArtifactRequest::setTrace (7 bytes)
Event: 4.479 Thread 0x000001ea42e44980 nmethod 4788 0x000001ea2e9df990 code [0x000001ea2e9dfb20, 0x000001ea2e9dfc78]
Event: 4.483 Thread 0x000001ea42e44980 4789       1       org.apache.maven.model.ReportPlugin::setReportSets (6 bytes)
Event: 4.483 Thread 0x000001ea42e44980 nmethod 4789 0x000001ea35d36a90 code [0x000001ea35d36c20, 0x000001ea35d36d30]
Event: 4.486 Thread 0x000001ea42e44980 4790       3       org.apache.maven.model.PluginManagement::<init> (5 bytes)

GC Heap History (8 events):
Event: 0.621 GC heap before
{Heap before GC invocations=0 (full 0):
 garbage-first heap   total 120832K, used 23552K [0x000000008a000000, 0x0000000100000000)
  region size 1024K, 23 young (23552K), 0 survivors (0K)
 Metaspace       used 5627K, committed 5824K, reserved 1114112K
  class space    used 654K, committed 768K, reserved 1048576K
}
Event: 0.627 GC heap after
{Heap after GC invocations=1 (full 0):
 garbage-first heap   total 120832K, used 3688K [0x000000008a000000, 0x0000000100000000)
  region size 1024K, 3 young (3072K), 3 survivors (3072K)
 Metaspace       used 5627K, committed 5824K, reserved 1114112K
  class space    used 654K, committed 768K, reserved 1048576K
}
Event: 1.131 GC heap before
{Heap before GC invocations=1 (full 0):
 garbage-first heap   total 120832K, used 35432K [0x000000008a000000, 0x0000000100000000)
  region size 1024K, 34 young (34816K), 3 survivors (3072K)
 Metaspace       used 9990K, committed 10176K, reserved 1114112K
  class space    used 1182K, committed 1280K, reserved 1048576K
}
Event: 1.138 GC heap after
{Heap after GC invocations=2 (full 0):
 garbage-first heap   total 120832K, used 5988K [0x000000008a000000, 0x0000000100000000)
  region size 1024K, 2 young (2048K), 2 survivors (2048K)
 Metaspace       used 9990K, committed 10176K, reserved 1114112K
  class space    used 1182K, committed 1280K, reserved 1048576K
}
Event: 2.476 GC heap before
{Heap before GC invocations=2 (full 0):
 garbage-first heap   total 120832K, used 75620K [0x000000008a000000, 0x0000000100000000)
  region size 1024K, 70 young (71680K), 2 survivors (2048K)
 Metaspace       used 15897K, committed 16128K, reserved 1114112K
  class space    used 1840K, committed 1920K, reserved 1048576K
}
Event: 2.490 GC heap after
{Heap after GC invocations=3 (full 0):
 garbage-first heap   total 120832K, used 13514K [0x000000008a000000, 0x0000000100000000)
  region size 1024K, 9 young (9216K), 9 survivors (9216K)
 Metaspace       used 15897K, committed 16128K, reserved 1114112K
  class space    used 1840K, committed 1920K, reserved 1048576K
}
Event: 4.306 GC heap before
{Heap before GC invocations=3 (full 0):
 garbage-first heap   total 120832K, used 75978K [0x000000008a000000, 0x0000000100000000)
  region size 1024K, 70 young (71680K), 9 survivors (9216K)
 Metaspace       used 16560K, committed 16896K, reserved 1114112K
  class space    used 1863K, committed 1984K, reserved 1048576K
}
Event: 4.318 GC heap after
{Heap after GC invocations=4 (full 0):
 garbage-first heap   total 120832K, used 15872K [0x000000008a000000, 0x0000000100000000)
  region size 1024K, 3 young (3072K), 3 survivors (3072K)
 Metaspace       used 16560K, committed 16896K, reserved 1114112K
  class space    used 1863K, committed 1984K, reserved 1048576K
}

Dll operation events (8 events):
Event: 0.006 Loaded shared library C:\Program Files\Java\jdk-21.0.9\bin\java.dll
Event: 0.033 Loaded shared library C:\Program Files\Java\jdk-21.0.9\bin\jsvml.dll
Event: 0.047 Loaded shared library C:\Program Files\Java\jdk-21.0.9\bin\net.dll
Event: 0.049 Loaded shared library C:\Program Files\Java\jdk-21.0.9\bin\nio.dll
Event: 0.053 Loaded shared library C:\Program Files\Java\jdk-21.0.9\bin\zip.dll
Event: 0.201 Loaded shared library C:\Program Files\Java\jdk-21.0.9\bin\jimage.dll
Event: 0.203 Loaded shared library C:\Program Files\apache-maven\lib\jansi-native\Windows\x86_64\jansi.dll
Event: 0.219 Loaded shared library C:\Program Files\Java\jdk-21.0.9\bin\verify.dll

Deoptimization events (20 events):
Event: 4.361 Thread 0x000001ea24050d80 Uncommon trap: trap_request=0xffffffc6 fr.pc=0x000001ea35bc0ed0 relative=0x0000000000000090
Event: 4.361 Thread 0x000001ea24050d80 Uncommon trap: reason=bimorphic_or_optimized_type_check action=maybe_recompile pc=0x000001ea35bc0ed0 method=com.google.inject.internal.LinkedBindingImpl.acceptTargetVisitor(Lcom/google/inject/spi/BindingTargetVisitor;)Ljava/lang/Object; @ 2 c2
Event: 4.361 Thread 0x000001ea24050d80 DEOPT PACKING pc=0x000001ea35bc0ed0 sp=0x000000550dffd9d0
Event: 4.361 Thread 0x000001ea24050d80 DEOPT UNPACKING pc=0x000001ea355846a2 sp=0x000000550dffd958 mode 2
Event: 4.361 Thread 0x000001ea24050d80 Uncommon trap: trap_request=0xffffffc6 fr.pc=0x000001ea35bc0ed0 relative=0x0000000000000090
Event: 4.361 Thread 0x000001ea24050d80 Uncommon trap: reason=bimorphic_or_optimized_type_check action=maybe_recompile pc=0x000001ea35bc0ed0 method=com.google.inject.internal.LinkedBindingImpl.acceptTargetVisitor(Lcom/google/inject/spi/BindingTargetVisitor;)Ljava/lang/Object; @ 2 c2
Event: 4.361 Thread 0x000001ea24050d80 DEOPT PACKING pc=0x000001ea35bc0ed0 sp=0x000000550dffd9d0
Event: 4.361 Thread 0x000001ea24050d80 DEOPT UNPACKING pc=0x000001ea355846a2 sp=0x000000550dffd958 mode 2
Event: 4.380 Thread 0x000001ea24050d80 Uncommon trap: trap_request=0xffffff45 fr.pc=0x000001ea35cee680 relative=0x0000000000000420
Event: 4.380 Thread 0x000001ea24050d80 Uncommon trap: reason=unstable_if action=reinterpret pc=0x000001ea35cee680 method=java.util.regex.Pattern.closure(Ljava/util/regex/Pattern$Node;)Ljava/util/regex/Pattern$Node; @ 6 c2
Event: 4.380 Thread 0x000001ea24050d80 DEOPT PACKING pc=0x000001ea35cee680 sp=0x000000550dffb6b0
Event: 4.380 Thread 0x000001ea24050d80 DEOPT UNPACKING pc=0x000001ea355846a2 sp=0x000000550dffb650 mode 2
Event: 4.381 Thread 0x000001ea24050d80 Uncommon trap: trap_request=0xffffff45 fr.pc=0x000001ea35c71b50 relative=0x0000000000000830
Event: 4.381 Thread 0x000001ea24050d80 Uncommon trap: reason=unstable_if action=reinterpret pc=0x000001ea35c71b50 method=java.util.HashMap.hash(Ljava/lang/Object;)I @ 1 c2
Event: 4.381 Thread 0x000001ea24050d80 DEOPT PACKING pc=0x000001ea35c71b50 sp=0x000000550dffc050
Event: 4.381 Thread 0x000001ea24050d80 DEOPT UNPACKING pc=0x000001ea355846a2 sp=0x000000550dffbfd0 mode 2
Event: 4.478 Thread 0x000001ea24050d80 Uncommon trap: trap_request=0xffffff45 fr.pc=0x000001ea35ced784 relative=0x0000000000000244
Event: 4.478 Thread 0x000001ea24050d80 Uncommon trap: reason=unstable_if action=reinterpret pc=0x000001ea35ced784 method=org.codehaus.plexus.util.xml.pull.MXParser.printable(I)Ljava/lang/String; @ 23 c2
Event: 4.478 Thread 0x000001ea24050d80 DEOPT PACKING pc=0x000001ea35ced784 sp=0x000000550dffc580
Event: 4.478 Thread 0x000001ea24050d80 DEOPT UNPACKING pc=0x000001ea355846a2 sp=0x000000550dffc530 mode 2

Classes loaded (20 events):
Event: 4.395 Loading class jdk/internal/reflect/MethodHandleBooleanFieldAccessorImpl
Event: 4.395 Loading class jdk/internal/reflect/MethodHandleBooleanFieldAccessorImpl done
Event: 4.401 Loading class java/nio/file/Files$AcceptAllFilter
Event: 4.402 Loading class java/nio/file/DirectoryStream$Filter
Event: 4.402 Loading class java/nio/file/DirectoryStream$Filter done
Event: 4.402 Loading class java/nio/file/Files$AcceptAllFilter done
Event: 4.402 Loading class sun/nio/fs/WindowsDirectoryStream
Event: 4.402 Loading class java/nio/file/DirectoryStream
Event: 4.402 Loading class java/nio/file/DirectoryStream done
Event: 4.402 Loading class sun/nio/fs/WindowsDirectoryStream done
Event: 4.402 Loading class sun/nio/fs/WindowsDirectoryStream$WindowsDirectoryIterator
Event: 4.402 Loading class sun/nio/fs/WindowsDirectoryStream$WindowsDirectoryIterator done
Event: 4.402 Loading class sun/nio/fs/WindowsPath$WindowsPathWithAttributes
Event: 4.402 Loading class sun/nio/fs/BasicFileAttributesHolder
Event: 4.403 Loading class sun/nio/fs/BasicFileAttributesHolder done
Event: 4.403 Loading class sun/nio/fs/WindowsPath$WindowsPathWithAttributes done
Event: 4.417 Loading class sun/nio/fs/WindowsException
Event: 4.417 Loading class sun/nio/fs/WindowsException done
Event: 4.417 Loading class java/nio/file/NoSuchFileException
Event: 4.417 Loading class java/nio/file/NoSuchFileException done

Classes unloaded (0 events):
No events

Classes redefined (0 events):
No events

Internal exceptions (20 events):
Event: 1.676 Thread 0x000001ea24050d80 Exception <a 'java/lang/NoSuchMethodError'{0x000000009013d028}: 'void java.lang.invoke.DirectMethodHandle$Holder.invokeSpecial(java.lang.Object, java.lang.Object, java.lang.Object, java.lang.Object, java.lang.Object)'> (0x000000009013d028) 
thrown [s\open\src\hotspot\share\interpreter\linkResolver.cpp, line 773]
Event: 1.677 Thread 0x000001ea24050d80 Exception <a 'java/lang/NoSuchMethodError'{0x0000000090152df8}: 'void java.lang.invoke.DirectMethodHandle$Holder.invokeSpecial(java.lang.Object, java.lang.Object, java.lang.Object, java.lang.Object, java.lang.Object, java.lang.Object)'> (0x0000000090152df8) 
thrown [s\open\src\hotspot\share\interpreter\linkResolver.cpp, line 773]
Event: 1.689 Thread 0x000001ea24050d80 Exception <a 'java/lang/NoSuchMethodError'{0x0000000090049660}: 'java.lang.Object java.lang.invoke.DirectMethodHandle$Holder.invokeVirtual(java.lang.Object, java.lang.Object, java.lang.Object)'> (0x0000000090049660) 
thrown [s\open\src\hotspot\share\interpreter\linkResolver.cpp, line 773]
Event: 1.730 Thread 0x000001ea24050d80 Exception <a 'java/lang/NoSuchMethodError'{0x000000008fe204b8}: 'void java.lang.invoke.DirectMethodHandle$Holder.invokeVirtual(java.lang.Object, java.lang.Object, int)'> (0x000000008fe204b8) 
thrown [s\open\src\hotspot\share\interpreter\linkResolver.cpp, line 773]
Event: 1.730 Thread 0x000001ea24050d80 Exception <a 'java/lang/NoSuchMethodError'{0x000000008fe24268}: 'void java.lang.invoke.DirectMethodHandle$Holder.invokeSpecial(java.lang.Object, java.lang.Object, java.lang.Object, int)'> (0x000000008fe24268) 
thrown [s\open\src\hotspot\share\interpreter\linkResolver.cpp, line 773]
Event: 1.730 Thread 0x000001ea24050d80 Exception <a 'java/lang/NoSuchMethodError'{0x000000008fe27938}: 'void java.lang.invoke.DelegatingMethodHandle$Holder.reinvoke_L(java.lang.Object, java.lang.Object, int)'> (0x000000008fe27938) 
thrown [s\open\src\hotspot\share\interpreter\linkResolver.cpp, line 773]
Event: 4.160 Thread 0x000001ea24050d80 Implicit null exception at 0x000001ea35b88f98 to 0x000001ea35b89174
Event: 4.160 Thread 0x000001ea24050d80 Implicit null exception at 0x000001ea35c98b18 to 0x000001ea35c98ce4
Event: 4.161 Thread 0x000001ea24050d80 Implicit null exception at 0x000001ea35b6103d to 0x000001ea35b610c1
Event: 4.298 Thread 0x000001ea24050d80 Implicit null exception at 0x000001ea35ceee3d to 0x000001ea35ceeeb2
Event: 4.298 Thread 0x000001ea24050d80 Exception <a 'java/lang/NoSuchMethodError'{0x000000008d93fdc0}: 'java.lang.Object java.lang.invoke.DirectMethodHandle$Holder.newInvokeSpecial(java.lang.Object, java.lang.Object, java.lang.Object, java.lang.Object, java.lang.Object, java.lang.Object, java.lang.Object)'> (0x000000008d93fdc0) 
thrown [s\open\src\hotspot\share\interpreter\linkResolver.cpp, line 773]
Event: 4.369 Thread 0x000001ea24050d80 Exception <a 'java/lang/NoSuchMethodError'{0x0000000091336108}: 'int java.lang.invoke.DirectMethodHandle$Holder.invokeVirtual(java.lang.Object, java.lang.Object)'> (0x0000000091336108) 
thrown [s\open\src\hotspot\share\interpreter\linkResolver.cpp, line 773]
Event: 4.381 Thread 0x000001ea24050d80 Implicit null exception at 0x000001ea35c71369 to 0x000001ea35c71b34
Event: 4.396 Thread 0x000001ea24050d80 Exception <a 'java/lang/NoSuchMethodError'{0x000000009110e9c8}: 'void java.lang.invoke.Invokers$Holder.invokeExact_MT(java.lang.Object, java.lang.Object, int, java.lang.Object)'> (0x000000009110e9c8) 
thrown [s\open\src\hotspot\share\interpreter\linkResolver.cpp, line 773]
Event: 4.417 Thread 0x000001ea24050d80 Exception <a 'sun/nio/fs/WindowsException'{0x00000000911773d0}> (0x00000000911773d0) 
thrown [s\open\src\hotspot\share\prims\jni.cpp, line 520]
Event: 4.418 Thread 0x000001ea24050d80 Exception <a 'sun/nio/fs/WindowsException'{0x0000000091177b28}> (0x0000000091177b28) 
thrown [s\open\src\hotspot\share\prims\jni.cpp, line 520]
Event: 4.418 Thread 0x000001ea24050d80 Exception <a 'sun/nio/fs/WindowsException'{0x00000000911781f8}> (0x00000000911781f8) 
thrown [s\open\src\hotspot\share\prims\jni.cpp, line 520]
Event: 4.418 Thread 0x000001ea24050d80 Exception <a 'sun/nio/fs/WindowsException'{0x00000000911788c0}> (0x00000000911788c0) 
thrown [s\open\src\hotspot\share\prims\jni.cpp, line 520]
Event: 4.418 Thread 0x000001ea24050d80 Exception <a 'sun/nio/fs/WindowsException'{0x0000000091178f80}> (0x0000000091178f80) 
thrown [s\open\src\hotspot\share\prims\jni.cpp, line 520]
Event: 4.418 Thread 0x000001ea24050d80 Exception <a 'sun/nio/fs/WindowsException'{0x0000000091179638}> (0x0000000091179638) 
thrown [s\open\src\hotspot\share\prims\jni.cpp, line 520]

ZGC Phase Switch (0 events):
No events

VM Operations (20 events):
Event: 1.616 Executing VM operation: HandshakeAllThreads (Deoptimize) done
Event: 1.719 Executing VM operation: ICBufferFull
Event: 1.719 Executing VM operation: ICBufferFull done
Event: 2.031 Executing VM operation: ICBufferFull
Event: 2.031 Executing VM operation: ICBufferFull done
Event: 2.412 Executing VM operation: ICBufferFull
Event: 2.412 Executing VM operation: ICBufferFull done
Event: 2.476 Executing VM operation: G1CollectForAllocation (G1 Evacuation Pause)
Event: 2.490 Executing VM operation: G1CollectForAllocation (G1 Evacuation Pause) done
Event: 3.493 Executing VM operation: Cleanup
Event: 3.650 Executing VM operation: Cleanup done
Event: 4.059 Executing VM operation: ICBufferFull
Event: 4.059 Executing VM operation: ICBufferFull done
Event: 4.306 Executing VM operation: G1CollectForAllocation (G1 Evacuation Pause)
Event: 4.318 Executing VM operation: G1CollectForAllocation (G1 Evacuation Pause) done
Event: 4.403 Executing VM operation: HandshakeAllThreads (Deoptimize)
Event: 4.403 Executing VM operation: HandshakeAllThreads (Deoptimize) done
Event: 4.424 Executing VM operation: ICBufferFull
Event: 4.424 Executing VM operation: ICBufferFull done
Event: 5.437 Executing VM operation: Cleanup

Events (15 events):
Event: 0.019 Thread 0x000001ea24050d80 Thread added: 0x000001ea24050d80
Event: 0.030 Thread 0x000001ea42e37d40 Thread added: 0x000001ea42e37d40
Event: 0.030 Thread 0x000001ea42e387a0 Thread added: 0x000001ea42e387a0
Event: 0.030 Thread 0x000001ea42e39200 Thread added: 0x000001ea42e39200
Event: 0.030 Thread 0x000001ea42e3bc70 Thread added: 0x000001ea42e3bc70
Event: 0.030 Thread 0x000001ea42e3c6d0 Thread added: 0x000001ea42e3c6d0
Event: 0.030 Thread 0x000001ea42e3d130 Thread added: 0x000001ea42e3d130
Event: 0.030 Thread 0x000001ea42e3fed0 Thread added: 0x000001ea42e3fed0
Event: 0.030 Thread 0x000001ea42e44980 Thread added: 0x000001ea42e44980
Event: 0.042 Thread 0x000001ea88181600 Thread added: 0x000001ea88181600
Event: 0.044 Thread 0x000001ea8819bf20 Thread added: 0x000001ea8819bf20
Event: 0.200 Thread 0x000001ea883fcbf0 Thread added: 0x000001ea883fcbf0
Event: 0.228 Thread 0x000001ea883fcbf0 Thread exited: 0x000001ea883fcbf0
Event: 0.584 Thread 0x000001ea88b13200 Thread added: 0x000001ea88b13200
Event: 1.588 Thread 0x000001ea89194ed0 Thread added: 0x000001ea89194ed0


Dynamic libraries:
0x00007ff706b00000 - 0x00007ff706b10000 	C:\Program Files\Java\jdk-21.0.9\bin\java.exe
0x00007ffe424a0000 - 0x00007ffe42707000 	C:\WINDOWS\SYSTEM32\ntdll.dll
0x00007ffe40e60000 - 0x00007ffe40f29000 	C:\WINDOWS\System32\KERNEL32.DLL
0x00007ffe3fb50000 - 0x00007ffe3ff3f000 	C:\WINDOWS\System32\KERNELBASE.dll
0x00007ffe3ff50000 - 0x00007ffe4009b000 	C:\WINDOWS\System32\ucrtbase.dll
0x00007ffe26790000 - 0x00007ffe267a9000 	C:\Program Files\Java\jdk-21.0.9\bin\jli.dll
0x00007ffe26770000 - 0x00007ffe2678b000 	C:\Program Files\Java\jdk-21.0.9\bin\VCRUNTIME140.dll
0x00007ffe406d0000 - 0x00007ffe40784000 	C:\WINDOWS\System32\ADVAPI32.dll
0x00007ffe41a20000 - 0x00007ffe41ac9000 	C:\WINDOWS\System32\msvcrt.dll
0x00007ffe41210000 - 0x00007ffe412b6000 	C:\WINDOWS\System32\sechost.dll
0x00007ffe40c80000 - 0x00007ffe40d98000 	C:\WINDOWS\System32\RPCRT4.dll
0x00007ffe40f30000 - 0x00007ffe410f5000 	C:\WINDOWS\System32\USER32.dll
0x00007ffe40210000 - 0x00007ffe40237000 	C:\WINDOWS\System32\win32u.dll
0x00007ffe3e7f0000 - 0x00007ffe3ea83000 	C:\WINDOWS\WinSxS\amd64_microsoft.windows.common-controls_6595b64144ccf1df_6.0.26100.7309_none_3e05feeae336a044\COMCTL32.dll
0x00007ffe41ad0000 - 0x00007ffe41afb000 	C:\WINDOWS\System32\GDI32.dll
0x00007ffe3fa20000 - 0x00007ffe3fb4c000 	C:\WINDOWS\System32\gdi32full.dll
0x00007ffe3f8e0000 - 0x00007ffe3f983000 	C:\WINDOWS\System32\msvcp_win.dll
0x00007ffe37c80000 - 0x00007ffe37c8b000 	C:\WINDOWS\SYSTEM32\VERSION.dll
0x00007ffe411d0000 - 0x00007ffe41201000 	C:\WINDOWS\System32\IMM32.DLL
0x00007ffe3ece0000 - 0x00007ffe3ecec000 	C:\Program Files\Java\jdk-21.0.9\bin\vcruntime140_1.dll
0x00007ffe09190000 - 0x00007ffe0921e000 	C:\Program Files\Java\jdk-21.0.9\bin\msvcp140.dll
0x00007ffdb9230000 - 0x00007ffdb9f4d000 	C:\Program Files\Java\jdk-21.0.9\bin\server\jvm.dll
0x00007ffe40c00000 - 0x00007ffe40c74000 	C:\WINDOWS\System32\WS2_32.dll
0x00007ffe37c40000 - 0x00007ffe37c75000 	C:\WINDOWS\SYSTEM32\WINMM.dll
0x00007ffe3f450000 - 0x00007ffe3f4ae000 	C:\WINDOWS\SYSTEM32\POWRPROF.dll
0x00007ffe3f430000 - 0x00007ffe3f444000 	C:\WINDOWS\SYSTEM32\UMPDC.dll
0x00007ffe3da70000 - 0x00007ffe3da8b000 	C:\WINDOWS\SYSTEM32\kernel.appcore.dll
0x00007ffe2eb40000 - 0x00007ffe2eb4a000 	C:\Program Files\Java\jdk-21.0.9\bin\jimage.dll
0x00007ffe3eda0000 - 0x00007ffe3efe2000 	C:\WINDOWS\SYSTEM32\DBGHELP.DLL
0x00007ffe42070000 - 0x00007ffe423f6000 	C:\WINDOWS\System32\combase.dll
0x00007ffe41b00000 - 0x00007ffe41bd6000 	C:\WINDOWS\System32\OLEAUT32.dll
0x00007ffe3ec90000 - 0x00007ffe3eccc000 	C:\WINDOWS\SYSTEM32\dbgcore.DLL
0x00007ffe3f5f0000 - 0x00007ffe3f695000 	C:\WINDOWS\System32\bcryptPrimitives.dll
0x00007ffe26750000 - 0x00007ffe2676f000 	C:\Program Files\Java\jdk-21.0.9\bin\java.dll
0x00007ffe412c0000 - 0x00007ffe41a13000 	C:\WINDOWS\System32\SHELL32.dll
0x00007ffe400a0000 - 0x00007ffe4020a000 	C:\WINDOWS\System32\wintypes.dll
0x00007ffe3c740000 - 0x00007ffe3cf9e000 	C:\WINDOWS\SYSTEM32\windows.storage.dll
0x00007ffe40830000 - 0x00007ffe40925000 	C:\WINDOWS\System32\SHCORE.dll
0x00007ffe40b90000 - 0x00007ffe40bf6000 	C:\WINDOWS\System32\shlwapi.dll
0x00007ffe3f510000 - 0x00007ffe3f539000 	C:\WINDOWS\SYSTEM32\profapi.dll
0x00007ffe06000000 - 0x00007ffe060d7000 	C:\Program Files\Java\jdk-21.0.9\bin\jsvml.dll
0x00007ffe26740000 - 0x00007ffe26750000 	C:\Program Files\Java\jdk-21.0.9\bin\net.dll
0x00007ffe35700000 - 0x00007ffe35828000 	C:\WINDOWS\SYSTEM32\WINHTTP.dll
0x00007ffe3dfa0000 - 0x00007ffe3e00b000 	C:\WINDOWS\system32\mswsock.dll
0x00007ffe26720000 - 0x00007ffe26736000 	C:\Program Files\Java\jdk-21.0.9\bin\nio.dll
0x00007ffe261f0000 - 0x00007ffe26208000 	C:\Program Files\Java\jdk-21.0.9\bin\zip.dll
0x00007ffe1fdb0000 - 0x00007ffe1fdd4000 	C:\Program Files\apache-maven\lib\jansi-native\Windows\x86_64\jansi.dll
0x00007ffe20dc0000 - 0x00007ffe20dd0000 	C:\Program Files\Java\jdk-21.0.9\bin\verify.dll

dbghelp: loaded successfully - version: 4.0.5 - missing functions: none
symbol engine: initialized successfully - sym options: 0x614 - pdb path: .;C:\Program Files\Java\jdk-21.0.9\bin;C:\WINDOWS\SYSTEM32;C:\WINDOWS\WinSxS\amd64_microsoft.windows.common-controls_6595b64144ccf1df_6.0.26100.7309_none_3e05feeae336a044;C:\Program Files\Java\jdk-21.0.9\bin\server;C:\Program Files\apache-maven\lib\jansi-native\Windows\x86_64

VM Arguments:
jvm_args: --enable-native-access=ALL-UNNAMED -Dclassworlds.conf=C:\Program Files\apache-maven\bin\m2.conf -Dmaven.home=C:\Program Files\apache-maven -Dlibrary.jansi.path=C:\Program Files\apache-maven\lib\jansi-native -Dmaven.multiModuleProjectDirectory=F:\code\NewProjects\food-delivery-application\online-food-delivery-project\foodiesapi 
java_command: org.codehaus.plexus.classworlds.launcher.Launcher clean compile
java_class_path (initial): C:\Program Files\apache-maven\boot\plexus-classworlds-2.9.0.jar
Launcher Type: SUN_STANDARD

[Global flags]
     intx CICompilerCount                          = 4                                         {product} {ergonomic}
     uint ConcGCThreads                            = 3                                         {product} {ergonomic}
     uint G1ConcRefinementThreads                  = 10                                        {product} {ergonomic}
   size_t G1HeapRegionSize                         = 1048576                                   {product} {ergonomic}
    uintx GCDrainStackTargetSize                   = 64                                        {product} {ergonomic}
   size_t InitialHeapSize                          = 123731968                                 {product} {ergonomic}
   size_t MarkStackSize                            = 4194304                                   {product} {ergonomic}
   size_t MaxHeapSize                              = 1979711488                                {product} {ergonomic}
   size_t MaxNewSize                               = 1186988032                                {product} {ergonomic}
   size_t MinHeapDeltaBytes                        = 1048576                                   {product} {ergonomic}
   size_t MinHeapSize                              = 8388608                                   {product} {ergonomic}
    uintx NonNMethodCodeHeapSize                   = 5839372                                {pd product} {ergonomic}
    uintx NonProfiledCodeHeapSize                  = 122909434                              {pd product} {ergonomic}
    uintx ProfiledCodeHeapSize                     = 122909434                              {pd product} {ergonomic}
    uintx ReservedCodeCacheSize                    = 251658240                              {pd product} {ergonomic}
     bool SegmentedCodeCache                       = true                                      {product} {ergonomic}
   size_t SoftMaxHeapSize                          = 1979711488                             {manageable} {ergonomic}
     bool UseCompressedOops                        = true                           {product lp64_product} {ergonomic}
     bool UseG1GC                                  = true                                      {product} {ergonomic}
     bool UseLargePagesIndividualAllocation        = false                                  {pd product} {ergonomic}

Logging:
Log output configuration:
 #0: stdout all=warning uptime,level,tags foldmultilines=false
 #1: stderr all=off uptime,level,tags foldmultilines=false

Environment Variables:
CLASSPATH=C:\mysql-connector-j-8.0.31\mysql-connector-j-8.0.31.jar
PATH=C:\Windows\system32;C:\Windows;C:\Windows\System32\Wbem;C:\Windows\System32\WindowsPowerShell\v1.0\;C:\Windows\System32\OpenSSH\;C:\Program Files (x86)\NVIDIA Corporation\PhysX\Common;C:\Program Files\NVIDIA Corporation\NVIDIA NvDLISR;C:\MinGW\bin;C:\WINDOWS\system32;C:\WINDOWS;C:\WINDOWS\System32\Wbem;C:\WINDOWS\System32\WindowsPowerShell\v1.0\;C:\WINDOWS\System32\OpenSSH\;C:\Program Files\MySQL\MySQL Server 8.0\bin;C:\Program Files\apache-maven\bin;C:\Program Files\cursor\resources\app\bin;C:\Program Files\nodejs\;C:\Program Files\Git\cmd;C:\Program Files\Java\jdk-21.0.9\bin;C:\Program Files\mongodb-win32-x86_64-windows-8.2.4\mongodb\bin;C:\Users\satya\AppData\Local\Microsoft\WindowsApps;C:\Users\satya\IntelliJ IDEA Community Edition 2022.1.4\bin;;C:\MinGW\bin;C:\Users\satya\AppData\Roaming\npm;C:\Users\satya\AppData\Local\Programs\Microsoft VS Code\bin
USERNAME=satyam sharma
OS=Windows_NT
PROCESSOR_IDENTIFIER=AMD64 Family 23 Model 96 Stepping 1, AuthenticAMD
TMP=C:\Users\satya\AppData\Local\Temp
TEMP=C:\Users\satya\AppData\Local\Temp




Periodic native trim disabled

---------------  S Y S T E M  ---------------

OS:
 Windows 11 , 64 bit Build 26100 (10.0.26100.7623)
OS uptime: 6 days 23:46 hours
Hyper-V role detected

CPU: total 12 (initial active 12) (12 cores per cpu, 2 threads per core) family 23 model 96 stepping 1 microcode 0x8600103, cx8, cmov, fxsr, ht, mmx, 3dnowpref, sse, sse2, sse3, ssse3, sse4a, sse4.1, sse4.2, popcnt, lzcnt, tsc, tscinvbit, avx, avx2, aes, clmul, bmi1, bmi2, adx, sha, fma, vzeroupper, clflush, clflushopt, hv, rdtscp, rdpid, f16c
Processor Information for all 12 processors :
  Max Mhz: 3000, Current Mhz: 3000, Mhz Limit: 3000

Memory: 4k page, system-wide physical 7549M (500M free)
TotalPageFile size 11645M (AvailPageFile size 12M)
current process WorkingSet (physical memory assigned to process): 186M, peak: 194M
current process commit charge ("private bytes"): 255M, peak: 264M

vm_info: Java HotSpot(TM) 64-Bit Server VM (21.0.9+7-LTS-338) for windows-amd64 JRE (21.0.9+7-LTS-338), built on 2025-09-26T06:33:49Z by "mach5run" with MS VC++ 17.6 (VS2022)

END.
